[2026-09-30 00:27:18,685] INFO in __init__: League bowl-historical using SQLite C:\Users\keeno\Projects\Boys-Of-Winter-League\instance\bowl-historical.db
[2026-09-30 00:27:24,625] INFO in __init__: League bowl-fantasy using SQLite C:\Users\keeno\Projects\Boys-Of-Winter-League\instance\bow.db
[2026-09-30 00:27:37,921] INFO in __init__: League bowl-cap using SQLite C:\Users\keeno\Projects\Boys-Of-Winter-League\instance\bowl-cap.db
INFO SQLite import: pause or reload the league web app on PythonAnywhere if you see 'database is locked' (live workers hold read transactions during long writes).
INFO League bowl-historical using SQLite C:\Users\keeno\Projects\Boys-Of-Winter-League\instance\bowl-historical.db
INFO Import using league slug 'bowl-historical' (DB + static paths match mounted app).
INFO Import paths — LEAGUE_SLUG='bowl-historical' SQLALCHEMY_DATABASE_URI=sqlite:///C:\Users\keeno\Projects\Boys-Of-Winter-League\instance\bowl-historical.db RAW_IMPORT_DIR=C:\Users\keeno\Projects\Boys-Of-Winter-League\data\imports\raw\bowl_historical
WARNING Could not switch SQLite to DELETE journal mode ((sqlite3.OperationalError) database is locked
[SQL: PRAGMA journal_mode=DELETE]
(Background on this error at: https:INFO Cleared player_skater_stats / player_goalie_stats for season_id=1 before FHM segment import.
WARNING player_skater_stats_po.csv is present but has no data rows — /statistics will be empty for this split until you re-export player season stats from FHMINFO Cleared player_skater_stats / player_goalie_stats for season_id=1 before FHM segment import.
WARNING player_skater_stats_po.csv is present but has no data rows — /statistics will be empty for this split until you re-export player season stats from FHM.
WARNING player_goalie_stats_po.csv is present but has no data rows — /statistics will be empty for this split until you re-export player season stats from FHM.
WARNING Deduped 106 duplicate skater career lines in player_skater_retired_career_stats_rs.csv (kept last row per player/season/team/league).
WARNING Deduped 16 duplicate goalie career lines in player_goalie_retired_career_stats_rs.csv (kept last row per player/season/team/league).
INFO Loading history awards from history_awards.sheet.csv
INFO Removed 623 non-admin history_awards rows before CSV re-import (admin rows kept).
INFO Applying history_all_stars.csv after FHM import.
INFO Loading history all-stars from history_all_stars.csv
INFO Applying team_season_records_template.csv after FHM import.
INFO Removed 351 non-admin team_season_records rows before CSV re-import (admin rows kept).
INFO Imported 351 rows from team_season_records_template.csv (skipped 0 rows with no resolvable team).
INFO Supplemented 347 CSV team_season_records cell(s) with career shot totals.
INFO Synced 40 import-sourced team_season_records row(s) from career/standings.
INFO INFO Record-broken Discord after import for bINFO Recorded analytics snapshots for bowl-historical (players=582 teams=14 hubs=3 trends=140 rollover=False year=1971).
INFO Upserted 582 player_season_war row(s) for bowl-historical year=1971 finalized=False
INFO Record-broken Discord after import for bowl-historical: {'seeded': 0, 'updated': 684, 'queued': 0, 'game_breaks': 0, 'sidecar': 0}
INFO Game boxscore Discord after import for bowl-historical: no channel targets yet; keeping 526 pending final(s)
INFO Game boxscore Discord after import for bowl-historical: {'games': 0, 'queued': 0, 'skipped': 526, 'pending': 526}
INFO GM achievements after import for bowl-historical: {'seeded': 0, 'awarded': 0, 'skipped': 0, 'ledger_synced': 0, 'heritage_races': 0, 'tickets_reopened': 0, 'heritage_career_revoked': 0, 'perfect_attendance_revoked': 0, 'heist_revoked': 0}
INFO League bowl-historical using SQLite C:\Users\keeno\Projects\Boys-Of-Winter-League\instance\bowl-historical.db
.
----------------------------------------------------------------------
Ran 1 test in 1.833s

OK
sINFO League bowl-historical using SQLite C:\Users\keeno\Projects\Boys-Of-Winter-League\instance\bowl-historical.db
.INFO League bowl-historical using SQLite C:\Users\keeno\Projects\Boys-Of-Winter-League\instance\bowl-historical.db
.INFO League bowl-historical using SQLite C:\Users\keeno\Projects\Boys-Of-Winter-League\instance\bowl-historical.db
.
----------------------------------------------------------------------
Ran 4 tests in 7.638s

OK (skipped=1)
INFO FHM import finished. Counts: {'league_meta': 1, 'teams': 14, 'players': 7728, 'player_jersey_numbers': 0, 'ratings': 4258, 'standings': 14, 'team_aggregates_rs': 14, 'team_aggregates_po': 0, 'games': 595, 'teams_pruned': 0, 'box_skaters': 17759, 'box_goalies': 2104, 'scoring_events': 3197, 'penalty_events': 5170, 'game_record_baselines_promoted': 0, 'skater_rs': 277, 'skater_ps': 254, 'skater_po': 0, 'goalie_rs': 27, 'goalie_ps': 24, 'goalie_po': 0, 'career_skater_rs': 37070, 'career_skater_po': 1000, 'career_skater_retired_rs': 40144, 'career_skater_retired_ps': 3011, 'career_skater_retired_po': 2864, 'career_goalie_rs': 5016, 'career_goalie_ps': 226, 'career_goalie_po': 118, 'career_goalie_retired_rs': 4903, 'career_goalie_retired_ps': 326, 'career_goalie_retired_po': 267, 'contracts': 4258, 'draft': 994, 'injuries': 0, 'transaction_roster_deltas': 0, 'history_awards': 623, 'history_all_stars': 324, 'team_season_records': 351, 'team_season_records_sync': 387, 'hall_of_fame': 76}
[2026-09-30 00:30:09,482] INFO in __init__: League bowl-historical using SQLite C:\Users\keeno\Projects\Boys-Of-Winter-League\instance\bowl-historical.db
INFO SQLite import: pause or reload the league web app on PythonAnywhere if you see 'database is locked' (live workers hold read transactions during long writes).
INFO League bowl-fantasy using SQLite C:\Users\keeno\Projects\Boys-Of-Winter-League\instance\bow.db
INFO Import using league slug 'bowl-fantasy' (DB + static paths match mounted app).
INFO Import paths — LEAGUE_SLUG='bowl-fantasy' SQLALCHEMY_DATABASE_URI=sqlite:///C:\Users\keeno\Projects\Boys-Of-Winter-League\instance\bow.db RAW_IMPORT_DIR=C:\Users\keeno\Projects\Boys-Of-Winter-League\data\imports\raw\bowl_fantasy
INFO Synced 16 FHM league logo(s) from C:\Users\keeno\OneDrive\Documents\Out of the Park Developments\Franchise Hockey Manager 12\saved_games\BOWL-Relegation.lg\graphics\logo_leagues -> C:\Users\keeno\Projects\Boys-Of-Winter-League\app\static\logos\leagues\fhm
WARNING Could not copy team logo maine_mariners.png -> C:\Users\keeno\Projects\Boys-Of-Winter-League\app\static\logos\teams\bowl_fantasy\mai-t301.png: [Errno 13] Permission denied: 'C:\\Users\\keeno\\Projects\\Boys-Of-Winter-League\\app\\static\\logos\\teams\\bowl_fantasy\\mai-t301.png'
INFO Synced 288 FHM farm team logo(s) from C:\Users\keeno\OneDrive\Documents\Out of the Park Developments\Franchise Hockey Manager 12\saved_games\BOWL-Relegation.lg\graphics\logo_teams -> C:\Users\keeno\Projects\Boys-Of-Winter-League\app\static\logos\teams\bowl_fantasy
WARNING Could not switch SQLite to DELETE journal mode ((sqlite3.OperationalError) database is locked
[SQL: PRAGMA journal_mode=DELETE]
(Background on this error at: https://sqlalche.me/e/20/e3q8)). Continuing in WAL. Close local `python run.py` or other apps using this database if imports keep locking.
INFOINFO Cleared player_skater_stats / player_goalie_stats for season_id=2 before FHM segment import.
WARNING player_skater_stats_rs.csv is present but has no data rows — /statistics will be empty for this split until you re-export player season stats from FHMINFO Cleared player_skater_stats / player_goalie_stats for season_id=2 before FHM segment import.
WARNING player_skater_stats_rs.csv is present but has no data rows — /statistics will be empty for this split until you re-export player season stats from FHM.
WARNING player_skater_stats_ps.csv is present but has no data rows — /statistics will be empty for this split until you re-export player season stats from FHM.
WARNING player_skater_stats_po.csv is present but has no data rows — /statistics will be empty for this split until you re-export player season stats from FHM.
WARNING player_goalie_stats_rs.csv is present but has no data rows — /statistics will be empty for this split until you re-export player season stats from FHM.
WARNING player_goalie_stats_ps.csv is present but has no data rows — /statistics will be empty for this split until you re-export player season stats from FHM.
WARNING player_goalie_stats_po.csv is present but has no data rows — /statistics will be empty for this split until you re-export player season stats from FHM.
INFO Loading history awards from history_awards.csv
INFO Removed 0 non-admin history_awards rows before CSV re-import (admin rows kept).
INFO Applying history_all_stars.csv after FHM import.
INFO Loading history all-stars from history_all_stars.csv
INFO Applying transactions.csv after FHM import.
INFO Applying team_season_records_template.csv after FHM import.
INFO Removed 0 non-admin team_season_records rows before CSV re-import (admin rows kept).
INFO ImportedINFO Record-broken Discord after import for bowl-fantasy: {'seeded': 0, 'updated': 192, 'queued': 0, 'game_breaks': 0, 'sidecar': 0}
INFO INFO Recorded analytics snapshots for bowl-fantasy (players=0 teams=389 hubs=3 trends=100 rollover=False year=2025).
INFO Record-broken Discord after import for bowl-fantasy: {'seeded': 0, 'updated': 192, 'queued': 0, 'game_breaks': 0, 'sidecar': 0}
INFO Game boxscore Discord after import for bowl-fantasy: {'games': 0, 'queued': 0, 'skipped': 0, 'pending': 0}
INFO GM achievements after import for bowl-fantasy: {'seeded': 0, 'awarded': 0, 'skipped': 0, 'ledger_synced': 0, 'heritage_races': 0, 'tickets_reopened': 0, 'heritage_career_revoked': 0, 'perfect_attendance_revoked': 0, 'heist_revoked': 0}
INFO League bowl-fantasy using SQLite C:\Users\keeno\Projects\Boys-Of-Winter-League\instance\bow.db
.
----------------------------------------------------------------------
Ran 1 test in 2.817s

OK
sINFO League bowl-fantasy using SQLite C:\Users\keeno\Projects\Boys-Of-Winter-League\instance\bow.db
.INFO League bowl-fantasy using SQLite C:\Users\keeno\Projects\Boys-Of-Winter-League\instance\bow.db
sINFO League bowl-fantasy using SQLite C:\Users\keeno\Projects\Boys-Of-Winter-League\instance\bow.db
s
----------------------------------------------------------------------
Ran 4 tests in 17.145s

OK (skipped=3)
INFO FHM import finished. Counts: {'league_meta': 18, 'teams': 389, 'players': 17301, 'player_jersey_numbers': 0, 'ratings': 13859, 'standings': 389, 'team_aggregates_rs': 389, 'team_aggregates_po': 0, 'games': 12797, 'teams_pruned': 0, 'box_skaters': 0, 'box_goalies': 0, 'scoring_events': 0, 'penalty_events': 0, 'game_record_baselines_promoted': 0, 'skater_rs': 0, 'skater_ps': 0, 'skater_po': 0, 'goalie_rs': 0, 'goalie_ps': 0, 'goalie_po': 0, 'career_skater_rs': 0, 'career_skater_po': 0, 'career_skater_retired_rs': 0, 'career_skater_retired_ps': 0, 'career_skater_retired_po': 0, 'career_goalie_rs': 0, 'career_goalie_ps': 0, 'career_goalie_po': 0, 'career_goalie_retired_rs': 0, 'career_goalie_retired_ps': 0, 'career_goalie_retired_po': 0, 'contracts': 12090, 'draft': 0, 'injuries': 132, 'transaction_roster_deltas': 0, 'history_awards': 0, 'history_all_stars': 0, 'transactions': 0, 'team_season_records': 0, 'hall_of_fame': 0}
[2026-09-30 00:31:55,125] INFO in __init__: League bowl-fantasy using SQLite C:\Users\keeno\Projects\Boys-Of-Winter-League\instance\bow.db
INFO SQLite import: pause or reload the league web app on PythonAnywhere if you see 'database is locked' (live workers hold read transactions during long writes).
INFO League bowl-cap using SQLite C:\Users\keeno\Projects\Boys-Of-Winter-League\instance\bowl-cap.db
INFO Import using league slug 'bowl-cap' (DB + static paths match mounted app).
INFO Import paths — LEAGUE_SLUG='bowl-cap' SQLALCHEMY_DATABASE_URI=sqlite:///C:\Users\keeno\Projects\Boys-Of-Winter-League\instance\bowl-cap.db RAW_IINFO Cleared player_skater_stats / player_goalie_stats for season_id=1 before FHM segment import.
WARNING player_skater_stats_po.csv is present but has no data rows — /statistics will be empty for this split until you re-export player season stats from FHM.
WARNING player_goalie_stats_po.csv is present but has no data rows — /statistics will be empty for this split until you re-export player season stats from FHM.
WARNING Deduped 1 duplicate skater career lines in player_skater_career_stats_rs.csv (kept last row per player/season/team/league).
WARNING Deduped 141 duplicate skater career lines in player_skater_retired_career_stats_rs.csv (kept last row per player/season/team/league).
WARNING Deduped 18 duplicate goalie career lines in player_goalie_retired_career_stats_rs.csv (kept last row per player/season/team/league).
INFO Loading history awards from history_awards.sheet.csv
INFO Removed 275 non-admin history_awards rows before CSV re-import (admin rows kept).
INFO history_awards.csv: keeping admin winner for CLARENCE CAMPBELL TROPHY / 1998-99 — skipping CSV row
INFO history_awards.csv: keeping admin winner for PRINCE OF WALES TROPHY / 1998-99 — skipping CSV row
INFO history_awards.csv: keeping admin winner for BOWL CUP TROPHY / 1998-99 — skipping CSV row
INFO history_awards.csv: keeping admin winner for BOILEDEGG'S TROPHY / 1998-99 — skipping CSV row
INFO history_awards.csv: keeping admin winner for JIM GREGORY TROPHY / 1999-00 — skipping CSV row
INFO history_awards.csv: keeping admin winner for BOILEDEGG'S TROPHY / 1999-00 — skipping CSV row
INFO Applying history_all_stars.csv after FHM import.
INFO Loading history all-stars from history_all_stars.csv
INFO Applying team_season_records_template.csv after FHM import.
INFO Removed 995 non-admin team_season_records rows before CSV re-import (admin rows kept).
INFO Imported 995 rows from team_season_records_template.csv (skipped 0 rows with no resolvable team).
INFO Supplemented 180 team_season_records cell(s) with archived special-teams stats.
INFO Synced 60 import-sourced team_season_records row(s) from career/standings.
INFO Applying hall_of_fame.csv after FHM import.
WARNING hall_of_fame.csv: duplicate row for player id 12320 — skipping
INFO Recorded 4 player rating snapshots for league bowl-cap.
INFO Recorded analytics snapshots for bowl-cap (players=1273 teams=30 hubs=3 trends=300 rollover=False year=2001).
INFO Upserted 1273 player_season_war row(s) for bowl-cap year=2001 finalized=False
INFO Recorded 45 broken-record event(s) for deploy Discord notify (bowl-cap); file has 45.
INFO Record-broken Discord after import for bowl-cap: {'seeded': 0, 'updated': 1405, 'queued': 0, 'game_breaks': 0, 'sidecar': 45}
INFO Recorded 65 newly-final game id(s) for deploy Discord notify (bowl-cap); file has 65.
INFO Game boxscore Discord after import for bowl-cap: no channel targets yet; keeping 1370 pending final(s)
INFO Game boxscore Discord after import for bowl-cap: {'games': 0, 'queued': 0, 'skipped': 1370, 'pending': 1370}
INFO GM achievements awarded 6 unlock(s) for bowl-cap.
INFO GM achievements after import for bowl-cap: {'seeded': 0, 'awarded': 6, 'skipped': 0, 'ledger_synced': 0, 'heritage_races': 0, 'tickets_reopened': 0, 'heritage_career_revoked': 0, 'perfect_attendance_revoked': 0, 'heist_revoked': 0}
INFO League bowl-cap using SQLite C:\Users\keeno\Projects\Boys-Of-Winter-League\instance\bowl-cap.db
.
----------------------------------------------------------------------
Ran 1 test in 12.594s

OK
sINFO League bowl-cap using SQLite C:\Users\keeno\Projects\Boys-Of-Winter-League\instance\bowl-cap.db
.INFO League bowl-cap using SQLite C:\Users\keeno\Projects\Boys-Of-Winter-League\instance\bowl-cap.db
.INFO League bowl-cap using SQLite C:\Users\keeno\Projects\Boys-Of-Winter-League\instance\bowl-cap.db
.
----------------------------------------------------------------------
Ran 4 tests in 15.558s

OK (skipped=1)
INFO FHM import finished. Counts: {'league_meta': 1, 'teams': 30, 'players': 18006, 'player_jersey_numbers': 0, 'ratings': 9508, 'standings': 30, 'team_aggregates_rs': 30, 'team_aggregates_po': 0, 'games': 1410, 'teams_pruned': 0, 'box_skaters': 46539, 'box_goalies': 5163, 'scoring_events': 7186, 'penalty_events': 15533, 'game_record_baselines_promoted': 0, 'skater_rs': 633, 'skater_ps': 528, 'skater_po': 0, 'goalie_rs': 63, 'goalie_ps': 49, 'goalie_po': 0, 'career_skater_rs': 78803, 'career_skater_po': 3242, 'career_skater_retired_rs': 27065, 'career_skater_retired_ps': 1396, 'career_skater_retired_po': 10289, 'career_goalie_rs': 8619, 'career_goalie_ps': 1244, 'career_goalie_po': 305, 'career_goalie_retired_rs': 2944, 'career_goalie_retired_ps': 164, 'career_goalie_retired_po': 911, 'contracts': 9505, 'draft': 6421, 'injuries': 0, 'transaction_roster_deltas': 0, 'history_awards': 270, 'history_all_stars': 120, 'team_season_records': 995, 'team_season_records_sync': 240, 'hall_of_fame': 191}
[2026-09-30 00:37:27,435] INFO in __init__: League bowl-cap using SQLite C:\Users\keeno\Projects\Boys-Of-Winter-League\instance\bowl-cap.db
